2026-09-06 22:09:25.698 | INFO     | pyroffi.collision._robot_collision:from_urdf:701 - Created RobotCollision with 13 links and 39 active self-collision pairs, using spherical collision models.
================================================================================
IK benchmark: HJCD-JAX  (robot=panda, n_targets=32, n_timed=5)
GPU monitoring: enabled (pynvml)
================================================================================

Loading robot ...
  URDF: /home/sadmin/Work/pyroffi/resources/panda/panda_spherized.urdf
  7 actuated joints, target link: 'panda_hand'
  Fixed joints: []

Setting up collision environment ...
  Using SRDF disabled pairs: /home/sadmin/Work/pyroffi/resources/panda/panda.srdf (36 pairs)
  Loaded environment from /home/sadmin/Work/pyroffi/resources/bench_env_large.json
  Obstacles: 9 spheres + 0 cuboids

Generating target poses (seq=32, batch=256) ...
  wrote cuRobo target sidecar: /home/sadmin/Work/pyroffi/resources/bench_ik_targets_panda.npz
Warming up HJCD-JAX ...
Warming up HJCD-JAX-COLL ...
Warming up HJCD-JAX-BATCH ...
Warming up HJCD-JAX-COLL-BATCH ...

────────────────────────────────────────────────────────────────────────────────
Sequential evaluation (per-problem latency) ...
────────────────────────────────────────────────────────────────────────────────
  Running HJCD-JAX ...

────────────────────────────────────────────────────────────────────────────────
Sequential evaluation — collision-free IK ...
────────────────────────────────────────────────────────────────────────────────
  Running HJCD-JAX-COLL ...

────────────────────────────────────────────────────────────────────────────────
Batch evaluation (all targets in one kernel launch) ...
────────────────────────────────────────────────────────────────────────────────
  Running HJCD-JAX-BATCH ...

────────────────────────────────────────────────────────────────────────────────
Batch evaluation — collision-free IK ...
────────────────────────────────────────────────────────────────────────────────
  Running HJCD-JAX-COLL-BATCH ...

================================================================================
Sequential results — per-problem latency  (N=32, timed=5)
================================================================================
  Method                 t_med(ms)   t_p95(ms)  pos_med(mm)  pos_p95(mm)  rot_med(rad)  rot_p95(rad)     success
  --------------------------------------------------------------------------------------------------------
  HJCD-JAX                 115.354     115.379      0.2100      0.9591      0.0002      0.0006       30/32

================================================================================
Batch results — effective per-problem time  (N=256, timed=5)
================================================================================
  Method                   ms/prob  pos_med(mm)  pos_p95(mm)  rot_med(rad)  rot_p95(rad)     success   gpu_pk(%)  gpu_avg(%)  vram_pk(MB)
  --------------------------------------------------------------------------------------------------------------------------------
  HJCD-JAX-BATCH             3.116      0.2029      1.0725      0.0003      0.0006     241/256        100%         98%       19086

================================================================================
Sequential results — COLLISION-FREE IK  (N=32, timed=5)
  Scene: /home/sadmin/Work/pyroffi/resources/bench_env_large.json
  Obstacles: 9 spheres + 0 cuboids
  coll_free: solutions with min signed dist > 0 (all links clear of all obstacles)
================================================================================
  Method                 t_med(ms)   t_p95(ms)  pos_med(mm)  pos_p95(mm)  rot_med(rad)  rot_p95(rad)     success   coll_free
  --------------------------------------------------------------------------------------------------------------------
  HJCD-JAX                 169.759     169.790      2.1949     97.8939      0.0036      0.0573       14/32       32/32

================================================================================
Batch results — COLLISION-FREE IK  (N=256, timed=5)
================================================================================
  Method                   ms/prob  pos_med(mm)  pos_p95(mm)  rot_med(rad)  rot_p95(rad)     success   coll_free   gpu_pk(%)  gpu_avg(%)  vram_pk(MB)
  --------------------------------------------------------------------------------------------------------------------------------------------
  HJCD-JAX                  34.891      3.2569    156.6027      0.0011      0.1451     109/256     256/256        100%        100%       19100

Results appended to /home/sadmin/Work/pyroffi/resources/bench_ik_results.csv

2026-09-06 22:19:56.417 | INFO     | pyroffi.collision._robot_collision:from_urdf:701 - Created RobotCollision with 13 links and 39 active self-collision pairs, using spherical collision models.
================================================================================
IK benchmark: HJCD-CUDA  (robot=panda, n_targets=32, n_timed=5)
GPU monitoring: enabled (pynvml)
================================================================================

Loading robot ...
  URDF: /home/sadmin/Work/pyroffi/resources/panda/panda_spherized.urdf
  7 actuated joints, target link: 'panda_hand'
  Fixed joints: []

Setting up collision environment ...
  Using SRDF disabled pairs: /home/sadmin/Work/pyroffi/resources/panda/panda.srdf (36 pairs)
  Loaded environment from /home/sadmin/Work/pyroffi/resources/bench_env_large.json
  Obstacles: 9 spheres + 0 cuboids

Generating target poses (seq=32, batch=256) ...
  wrote cuRobo target sidecar: /home/sadmin/Work/pyroffi/resources/bench_ik_targets_panda.npz
Warming up HJCD-CUDA ...
Warming up HJCD-CUDA-COLL ...
Warming up HJCD-CUDA-BATCH ...
Warming up HJCD-CUDA-COLL-BATCH ...

────────────────────────────────────────────────────────────────────────────────
Sequential evaluation (per-problem latency) ...
────────────────────────────────────────────────────────────────────────────────
  Running HJCD-CUDA ...

────────────────────────────────────────────────────────────────────────────────
Sequential evaluation — collision-free IK ...
────────────────────────────────────────────────────────────────────────────────
  Running HJCD-CUDA-COLL ...

────────────────────────────────────────────────────────────────────────────────
Batch evaluation (all targets in one kernel launch) ...
────────────────────────────────────────────────────────────────────────────────
  Running HJCD-CUDA-BATCH ...

────────────────────────────────────────────────────────────────────────────────
Batch evaluation — collision-free IK ...
────────────────────────────────────────────────────────────────────────────────
  Running HJCD-CUDA-COLL-BATCH ...

================================================================================
Sequential results — per-problem latency  (N=32, timed=5)
================================================================================
  Method                 t_med(ms)   t_p95(ms)  pos_med(mm)  pos_p95(mm)  rot_med(rad)  rot_p95(rad)     success
  --------------------------------------------------------------------------------------------------------
  HJCD-CUDA                 17.934      18.004      0.1877      0.9217      0.0000      0.0002       30/32

================================================================================
Batch results — effective per-problem time  (N=256, timed=5)
================================================================================
  Method                   ms/prob  pos_med(mm)  pos_p95(mm)  rot_med(rad)  rot_p95(rad)     success   gpu_pk(%)  gpu_avg(%)  vram_pk(MB)
  --------------------------------------------------------------------------------------------------------------------------------
  HJCD-CUDA-BATCH            0.104      0.1485      1.1260      0.0000      0.0002     240/256        100%         78%       19536

================================================================================
Sequential results — COLLISION-FREE IK  (N=32, timed=5)
  Scene: /home/sadmin/Work/pyroffi/resources/bench_env_large.json
  Obstacles: 9 spheres + 0 cuboids
  coll_free: solutions with min signed dist > 0 (all links clear of all obstacles)
================================================================================
  Method                 t_med(ms)   t_p95(ms)  pos_med(mm)  pos_p95(mm)  rot_med(rad)  rot_p95(rad)     success   coll_free
  --------------------------------------------------------------------------------------------------------------------
  HJCD-CUDA                129.061     129.676      0.9156    417.5359      0.0007      0.7398       16/32       32/32

================================================================================
Batch results — COLLISION-FREE IK  (N=256, timed=5)
================================================================================
  Method                   ms/prob  pos_med(mm)  pos_p95(mm)  rot_med(rad)  rot_p95(rad)     success   coll_free   gpu_pk(%)  gpu_avg(%)  vram_pk(MB)
  --------------------------------------------------------------------------------------------------------------------------------------------
  HJCD-CUDA                  3.908      0.9400    687.7586      0.0004      1.1112     129/256     245/256        100%         98%       19546

Results appended to /home/sadmin/Work/pyroffi/resources/bench_ik_results.csv

2026-09-06 22:23:19.303 | INFO     | pyroffi.collision._robot_collision:from_urdf:701 - Created RobotCollision with 13 links and 39 active self-collision pairs, using spherical collision models.
================================================================================
IK benchmark: LS-JAX  (robot=panda, n_targets=32, n_timed=5)
GPU monitoring: enabled (pynvml)
================================================================================

Loading robot ...
  URDF: /home/sadmin/Work/pyroffi/resources/panda/panda_spherized.urdf
  7 actuated joints, target link: 'panda_hand'
  Fixed joints: []

Setting up collision environment ...
  Using SRDF disabled pairs: /home/sadmin/Work/pyroffi/resources/panda/panda.srdf (36 pairs)
  Loaded environment from /home/sadmin/Work/pyroffi/resources/bench_env_large.json
  Obstacles: 9 spheres + 0 cuboids

Generating target poses (seq=32, batch=256) ...
  wrote cuRobo target sidecar: /home/sadmin/Work/pyroffi/resources/bench_ik_targets_panda.npz
Warming up LS-JAX ...
Warming up LS-JAX-COLL ...
Warming up LS-JAX-BATCH ...
Warming up LS-JAX-COLL-BATCH ...

────────────────────────────────────────────────────────────────────────────────
Sequential evaluation (per-problem latency) ...
────────────────────────────────────────────────────────────────────────────────
  Running LS-JAX ...

────────────────────────────────────────────────────────────────────────────────
Sequential evaluation — collision-free IK ...
────────────────────────────────────────────────────────────────────────────────
  Running LS-JAX-COLL ...

────────────────────────────────────────────────────────────────────────────────
Batch evaluation (all targets in one kernel launch) ...
────────────────────────────────────────────────────────────────────────────────
  Running LS-JAX-BATCH ...

────────────────────────────────────────────────────────────────────────────────
Batch evaluation — collision-free IK ...
────────────────────────────────────────────────────────────────────────────────
  Running LS-JAX-COLL-BATCH ...

================================================================================
Sequential results — per-problem latency  (N=32, timed=5)
================================================================================
  Method                 t_med(ms)   t_p95(ms)  pos_med(mm)  pos_p95(mm)  rot_med(rad)  rot_p95(rad)     success
  --------------------------------------------------------------------------------------------------------
  LS-JAX                   102.160     102.184      0.1252      0.2377      0.0002      0.0004       32/32

================================================================================
Batch results — effective per-problem time  (N=256, timed=5)
================================================================================
  Method                   ms/prob  pos_med(mm)  pos_p95(mm)  rot_med(rad)  rot_p95(rad)     success   gpu_pk(%)  gpu_avg(%)  vram_pk(MB)
  --------------------------------------------------------------------------------------------------------------------------------
  LS-JAX-BATCH               2.690      0.1337      0.2744      0.0002      0.0005     255/256        100%         98%       19070

================================================================================
Sequential results — COLLISION-FREE IK  (N=32, timed=5)
  Scene: /home/sadmin/Work/pyroffi/resources/bench_env_large.json
  Obstacles: 9 spheres + 0 cuboids
  coll_free: solutions with min signed dist > 0 (all links clear of all obstacles)
================================================================================
  Method                 t_med(ms)   t_p95(ms)  pos_med(mm)  pos_p95(mm)  rot_med(rad)  rot_p95(rad)     success   coll_free
  --------------------------------------------------------------------------------------------------------------------
  LS-JAX                   186.548     186.577      0.3036     85.2285      0.0004      0.2433       20/32       32/32

================================================================================
Batch results — COLLISION-FREE IK  (N=256, timed=5)
================================================================================
  Method                   ms/prob  pos_med(mm)  pos_p95(mm)  rot_med(rad)  rot_p95(rad)     success   coll_free   gpu_pk(%)  gpu_avg(%)  vram_pk(MB)
  --------------------------------------------------------------------------------------------------------------------------------------------
  LS-JAX                    54.077      0.2345     95.2165      0.0004      0.2348     158/256     256/256        100%        100%       19078

Results appended to /home/sadmin/Work/pyroffi/resources/bench_ik_results.csv

2026-09-06 22:36:16.088 | INFO     | pyroffi.collision._robot_collision:from_urdf:701 - Created RobotCollision with 13 links and 39 active self-collision pairs, using spherical collision models.
================================================================================
IK benchmark: LS-CUDA  (robot=panda, n_targets=32, n_timed=5)
GPU monitoring: enabled (pynvml)
================================================================================

Loading robot ...
  URDF: /home/sadmin/Work/pyroffi/resources/panda/panda_spherized.urdf
  7 actuated joints, target link: 'panda_hand'
  Fixed joints: []

Setting up collision environment ...
  Using SRDF disabled pairs: /home/sadmin/Work/pyroffi/resources/panda/panda.srdf (36 pairs)
  Loaded environment from /home/sadmin/Work/pyroffi/resources/bench_env_large.json
  Obstacles: 9 spheres + 0 cuboids

Generating target poses (seq=32, batch=256) ...
  wrote cuRobo target sidecar: /home/sadmin/Work/pyroffi/resources/bench_ik_targets_panda.npz
Warming up LS-CUDA ...
Traceback (most recent call last):
  File "/home/sadmin/Work/pyroffi/tests/bench_ik.py", line 2491, in <module>
    main()
  File "/home/sadmin/Work/pyroffi/tests/bench_ik.py", line 2472, in main
    _run_robot_benchmark(args.robot, csv_file, solver_filter=args.solver, blocks=_blocks)
  File "/home/sadmin/Work/pyroffi/tests/bench_ik.py", line 1906, in _run_robot_benchmark
    out = fn(robot=robot, target_link_indices=tli, target_poses=(target_poses[0],),
          ^^^^^^^^^^^^^^^^^^^^^^^^^^^^^^^^^^^^^^^^^^^^^^^^^^^^^^^^^^^^^^^^^^^^^^^^^
  File "/home/sadmin/Work/pyroffi/src/pyroffi/optimization_engines/_ls_ik.py", line 987, in ls_ik_solve_cuda
    world_halfspaces, self_sph_local, self_link_start,
                      ^^^^^^^^^^^^^^
NameError: name 'self_sph_local' is not defined
Selected robots: panda, fetch, baxter, g1
Solvers (one isolated subprocess each): HJCD-JAX, HJCD-CUDA, LS-JAX, LS-CUDA, SQP-JAX, SQP-CUDA, MPPI-JAX, MPPI-CUDA, Analytic-JAX, Analytic-CUDA, Learned-JAX, PyRoKi-LS, PyRoKi-AnalyticJac, QuIK-CPU

=== Running panda / HJCD-JAX in subprocess, PYROFFI_IK_TIER=thread ===

=== Running panda / HJCD-CUDA in subprocess, PYROFFI_IK_TIER=thread ===

=== Running panda / LS-JAX in subprocess, PYROFFI_IK_TIER=thread ===

=== Running panda / LS-CUDA in subprocess, PYROFFI_IK_TIER=thread ===
Traceback (most recent call last):
  File "/home/sadmin/Work/pyroffi/tests/bench_ik.py", line 2491, in <module>
    main()
  File "/home/sadmin/Work/pyroffi/tests/bench_ik.py", line 2487, in main
    _run_solver_subprocess(robot_name, solver, csv_file, args)
  File "/home/sadmin/Work/pyroffi/tests/bench_ik.py", line 2380, in _run_solver_subprocess
    subprocess.run(cmd, env=env, check=True)
  File "/home/sadmin/miniconda3/envs/pyroffi/lib/python3.11/subprocess.py", line 571, in run
    raise CalledProcessError(retcode, process.args,
subprocess.CalledProcessError: Command '['/home/sadmin/miniconda3/envs/pyroffi/bin/python', '/home/sadmin/Work/pyroffi/tests/bench_ik.py', '--robot', 'panda', '--solver', 'LS-CUDA']' returned non-zero exit status 1.
ERROR conda.cli.main_run:execute(142): `conda run env CUDA_VISIBLE_DEVICES=0 python tests/bench_ik.py` failed. (See above for error)
